// Jest Snapshot v1, https://goo.gl/fbAQLP

exports[`<CInput /> should render properly 1`] = `
<DocumentFragment>
  <input
    class="chakra-input css-16gthf0"
  />
</DocumentFragment>
`;
