// Jest Snapshot v1, https://goo.gl/fbAQLP

exports[`should render properly 1`] = `
<DocumentFragment>
  <div
    data-testid="focus-lock-container"
  >
    <input
      data-testid="input"
    />
    <input />
    <input />
  </div>
</DocumentFragment>
`;
