// Jest Snapshot v1, https://goo.gl/fbAQLP

exports[`CAvatarBadge renders badge without parameters 1`] = `
<DocumentFragment>
  <span
    class="chakra-avatar css-i1ne14"
    initials=""
    name="Evan You"
  >
    <img
      alt="Evan You"
      aria-label="Evan You"
      class="css-b0lfom"
      src="undefined"
    />
    <span
      class="chakra-box css-i1ne14"
    >
      <div
        aria-label="Evan You"
        class="css-1sr8ytj"
        role="img"
      >
        EY
      </div>
    </span>
    <div
      class="chakra-avatar-badge css-1sjswgs"
    />
  </span>
</DocumentFragment>
`;
